2026-06-10T17:56:13.7437433Z Current runner version: '2.334.0'
2026-06-10T17:56:13.7474013Z ##[group]Runner Image Provisioner
2026-06-10T17:56:13.7475367Z Hosted Compute Agent
2026-06-10T17:56:13.7476524Z Version: 20260520.533
2026-06-10T17:56:13.7477825Z Commit: 189110e25284a9812c124fd27b339e2fb4f2f9db
2026-06-10T17:56:13.7479104Z Build Date: 2026-05-20T17:44:04Z
2026-06-10T17:56:13.7481372Z Worker ID: {7a4bbbfe-6de0-4e07-8e0e-5c961c8fe029}
2026-06-10T17:56:13.7482706Z Azure Region: westus2
2026-06-10T17:56:13.7483832Z ##[endgroup]
2026-06-10T17:56:13.7486483Z ##[group]Operating System
2026-06-10T17:56:13.7487572Z Ubuntu
2026-06-10T17:56:13.7488628Z 24.04.4
2026-06-10T17:56:13.7489534Z LTS
2026-06-10T17:56:13.7490831Z ##[endgroup]
2026-06-10T17:56:13.7492041Z ##[group]Runner Image
2026-06-10T17:56:13.7493172Z Image: ubuntu-24.04
2026-06-10T17:56:13.7494375Z Version: 20260525.161.1
2026-06-10T17:56:13.7496638Z Included Software: https://github.com/actions/runner-images/blob/ubuntu24/20260525.161/images/ubuntu/Ubuntu2404-Readme.md
2026-06-10T17:56:13.7499625Z Image Release: https://github.com/actions/runner-images/releases/tag/ubuntu24%2F20260525.161
2026-06-10T17:56:13.7501907Z ##[endgroup]
2026-06-10T17:56:13.7504006Z ##[group]GITHUB_TOKEN Permissions
2026-06-10T17:56:13.7506904Z Contents: read
2026-06-10T17:56:13.7508010Z Metadata: read
2026-06-10T17:56:13.7508942Z Packages: read
2026-06-10T17:56:13.7510241Z ##[endgroup]
2026-06-10T17:56:13.7513482Z Secret source: Actions
2026-06-10T17:56:13.7515302Z Prepare workflow directory
2026-06-10T17:56:13.8362224Z Prepare all required actions
2026-06-10T17:56:13.8419692Z Getting action download info
2026-06-10T17:56:14.5428308Z Download action repository 'actions/checkout@v4' (SHA:34e114876b0b11c390a56381ad16ebd13914f8d5)
2026-06-10T17:56:14.6666665Z Download action repository 'actions/setup-python@v5' (SHA:a26af69be951a213d495a4c3e4e4022e16d87065)
2026-06-10T17:56:14.8573254Z Complete job name: tests
2026-06-10T17:56:14.9074727Z ##[group]Checking docker version
2026-06-10T17:56:14.9088419Z ##[command]/usr/bin/docker version --format '{{.Server.APIVersion}}'
2026-06-10T17:56:15.0174948Z '1.48'
2026-06-10T17:56:15.0187912Z Docker daemon API version: '1.48'
2026-06-10T17:56:15.0188769Z ##[command]/usr/bin/docker version --format '{{.Client.APIVersion}}'
2026-06-10T17:56:15.0392848Z '1.48'
2026-06-10T17:56:15.0410725Z Docker client API version: '1.48'
2026-06-10T17:56:15.0415566Z ##[endgroup]
2026-06-10T17:56:15.0418513Z ##[group]Clean up resources from previous jobs
2026-06-10T17:56:15.0424026Z ##[command]/usr/bin/docker ps --all --quiet --no-trunc --filter "label=728b02"
2026-06-10T17:56:15.0575632Z ##[command]/usr/bin/docker network prune --force --filter "label=728b02"
2026-06-10T17:56:15.0715986Z ##[endgroup]
2026-06-10T17:56:15.0716562Z ##[group]Create local container network
2026-06-10T17:56:15.0726756Z ##[command]/usr/bin/docker network create --label 728b02 github_network_eb0cc21b3d60477fa5afa6ce629a9237
2026-06-10T17:56:15.1384955Z 4549f1b44afce74be6f86e55c8a7c8fb222fb7da889ce6aab01bb8125074da3d
2026-06-10T17:56:15.1394269Z ##[endgroup]
2026-06-10T17:56:15.1430650Z ##[group]Starting postgres service container
2026-06-10T17:56:15.1457501Z ##[command]/usr/bin/docker pull postgres:16
2026-06-10T17:56:16.2240419Z 16: Pulling from library/postgres
2026-06-10T17:56:16.4983440Z 5b4d6ff92fc4: Pulling fs layer
2026-06-10T17:56:16.4984689Z 44621392b385: Pulling fs layer
2026-06-10T17:56:16.4985869Z 708048d3de39: Pulling fs layer
2026-06-10T17:56:16.4986978Z 75dca182fa08: Pulling fs layer
2026-06-10T17:56:16.4988376Z 293df834a968: Pulling fs layer
2026-06-10T17:56:16.4989007Z f798658e1236: Pulling fs layer
2026-06-10T17:56:16.4989523Z 2a71ac551ebb: Pulling fs layer
2026-06-10T17:56:16.4990471Z cfc298b98443: Pulling fs layer
2026-06-10T17:56:16.4991047Z 3e2c054ac228: Pulling fs layer
2026-06-10T17:56:16.4991573Z 461af294616f: Pulling fs layer
2026-06-10T17:56:16.4992126Z df493b5e7907: Pulling fs layer
2026-06-10T17:56:16.4992951Z b10ca02767ae: Pulling fs layer
2026-06-10T17:56:16.4993340Z b6a8888944fa: Pulling fs layer
2026-06-10T17:56:16.4994178Z 57b073d81a63: Pulling fs layer
2026-06-10T17:56:16.4995334Z 75dca182fa08: Waiting
2026-06-10T17:56:16.4996162Z 293df834a968: Waiting
2026-06-10T17:56:16.4996633Z f798658e1236: Waiting
2026-06-10T17:56:16.4997387Z 2a71ac551ebb: Waiting
2026-06-10T17:56:16.4997922Z cfc298b98443: Waiting
2026-06-10T17:56:16.4998662Z 3e2c054ac228: Waiting
2026-06-10T17:56:16.4999142Z 461af294616f: Waiting
2026-06-10T17:56:16.4999895Z df493b5e7907: Waiting
2026-06-10T17:56:16.5000690Z b10ca02767ae: Waiting
2026-06-10T17:56:16.5001187Z b6a8888944fa: Waiting
2026-06-10T17:56:16.5001927Z 57b073d81a63: Waiting
2026-06-10T17:56:16.7818973Z 44621392b385: Verifying Checksum
2026-06-10T17:56:16.7825917Z 44621392b385: Download complete
2026-06-10T17:56:16.8895224Z 708048d3de39: Download complete
2026-06-10T17:56:17.0305949Z 5b4d6ff92fc4: Verifying Checksum
2026-06-10T17:56:17.0310827Z 5b4d6ff92fc4: Download complete
2026-06-10T17:56:17.0913734Z 75dca182fa08: Verifying Checksum
2026-06-10T17:56:17.0915380Z 75dca182fa08: Download complete
2026-06-10T17:56:17.2574184Z 293df834a968: Verifying Checksum
2026-06-10T17:56:17.2575936Z 293df834a968: Download complete
2026-06-10T17:56:17.3419587Z f798658e1236: Verifying Checksum
2026-06-10T17:56:17.3420196Z f798658e1236: Download complete
2026-06-10T17:56:17.3543743Z 2a71ac551ebb: Verifying Checksum
2026-06-10T17:56:17.3544443Z 2a71ac551ebb: Download complete
2026-06-10T17:56:17.5091956Z cfc298b98443: Verifying Checksum
2026-06-10T17:56:17.5096279Z cfc298b98443: Download complete
2026-06-10T17:56:17.6049793Z 461af294616f: Verifying Checksum
2026-06-10T17:56:17.6052142Z 461af294616f: Download complete
2026-06-10T17:56:17.7669152Z df493b5e7907: Verifying Checksum
2026-06-10T17:56:17.7672479Z df493b5e7907: Download complete
2026-06-10T17:56:17.8777582Z b10ca02767ae: Verifying Checksum
2026-06-10T17:56:17.8778960Z b10ca02767ae: Download complete
2026-06-10T17:56:18.0444060Z b6a8888944fa: Verifying Checksum
2026-06-10T17:56:18.0445327Z b6a8888944fa: Download complete
2026-06-10T17:56:18.1672597Z 57b073d81a63: Verifying Checksum
2026-06-10T17:56:18.1691203Z 57b073d81a63: Download complete
2026-06-10T17:56:18.2602617Z 3e2c054ac228: Verifying Checksum
2026-06-10T17:56:18.2603617Z 3e2c054ac228: Download complete
2026-06-10T17:56:18.3900312Z 5b4d6ff92fc4: Pull complete
2026-06-10T17:56:19.2344016Z 44621392b385: Pull complete
2026-06-10T17:56:19.4533897Z 708048d3de39: Pull complete
2026-06-10T17:56:19.5069380Z 75dca182fa08: Pull complete
2026-06-10T17:56:19.8749392Z 293df834a968: Pull complete
2026-06-10T17:56:19.9711304Z f798658e1236: Pull complete
2026-06-10T17:56:19.9868833Z 2a71ac551ebb: Pull complete
2026-06-10T17:56:19.9982930Z cfc298b98443: Pull complete
2026-06-10T17:56:24.4274975Z 3e2c054ac228: Pull complete
2026-06-10T17:56:24.4471137Z 461af294616f: Pull complete
2026-06-10T17:56:24.4604330Z df493b5e7907: Pull complete
2026-06-10T17:56:24.4790925Z b10ca02767ae: Pull complete
2026-06-10T17:56:24.4897198Z b6a8888944fa: Pull complete
2026-06-10T17:56:24.4990391Z 57b073d81a63: Pull complete
2026-06-10T17:56:24.5084563Z Digest: sha256:4b7183ac05f8ef417db21fd72d71047a4238340c261d3cc3ddb6d579ab5071ae
2026-06-10T17:56:24.5096640Z Status: Downloaded newer image for postgres:16
2026-06-10T17:56:24.5107872Z docker.io/library/postgres:16
2026-06-10T17:56:24.5173424Z ##[command]/usr/bin/docker create --name 4574b053f4d041eb8f760c1d6a663110_postgres16_571a35 --label 728b02 --network github_network_eb0cc21b3d60477fa5afa6ce629a9237 --network-alias postgres -p 5432:5432 --health-cmd "pg_isready -U postgres" --health-interval 5s --health-timeout 5s --health-retries 10 -e "POSTGRES_PASSWORD=postgres" -e "POSTGRES_DB=agency_os" -e GITHUB_ACTIONS=true -e CI=true postgres:16
2026-06-10T17:56:24.5467921Z de1a930d89bd98d985850e7bca60a7992b2750051b1795ae9117399a492542e6
2026-06-10T17:56:24.5490181Z ##[command]/usr/bin/docker start de1a930d89bd98d985850e7bca60a7992b2750051b1795ae9117399a492542e6
2026-06-10T17:56:24.7921587Z de1a930d89bd98d985850e7bca60a7992b2750051b1795ae9117399a492542e6
2026-06-10T17:56:24.7957187Z ##[command]/usr/bin/docker ps --all --filter id=de1a930d89bd98d985850e7bca60a7992b2750051b1795ae9117399a492542e6 --filter status=running --no-trunc --format "{{.ID}} {{.Status}}"
2026-06-10T17:56:24.8130759Z de1a930d89bd98d985850e7bca60a7992b2750051b1795ae9117399a492542e6 Up Less than a second (health: starting)
2026-06-10T17:56:24.8157711Z ##[command]/usr/bin/docker port de1a930d89bd98d985850e7bca60a7992b2750051b1795ae9117399a492542e6
2026-06-10T17:56:24.8351469Z 5432/tcp -> 0.0.0.0:5432
2026-06-10T17:56:24.8366959Z 5432/tcp -> [::]:5432
2026-06-10T17:56:24.8435288Z ##[endgroup]
2026-06-10T17:56:24.8447714Z ##[group]Waiting for all services to be ready
2026-06-10T17:56:24.8467523Z ##[command]/usr/bin/docker inspect --format="{{if .Config.Healthcheck}}{{print .State.Health.Status}}{{end}}" de1a930d89bd98d985850e7bca60a7992b2750051b1795ae9117399a492542e6
2026-06-10T17:56:24.8674803Z starting
2026-06-10T17:56:24.8704134Z postgres service is starting, waiting 2 seconds before checking again.
2026-06-10T17:56:26.8709629Z ##[command]/usr/bin/docker inspect --format="{{if .Config.Healthcheck}}{{print .State.Health.Status}}{{end}}" de1a930d89bd98d985850e7bca60a7992b2750051b1795ae9117399a492542e6
2026-06-10T17:56:26.8880097Z starting
2026-06-10T17:56:26.8893062Z postgres service is starting, waiting 4 seconds before checking again.
2026-06-10T17:56:31.1121290Z ##[command]/usr/bin/docker inspect --format="{{if .Config.Healthcheck}}{{print .State.Health.Status}}{{end}}" de1a930d89bd98d985850e7bca60a7992b2750051b1795ae9117399a492542e6
2026-06-10T17:56:31.1285608Z healthy
2026-06-10T17:56:31.1291425Z postgres service is healthy.
2026-06-10T17:56:31.1292139Z ##[endgroup]
2026-06-10T17:56:31.1636578Z ##[group]Run actions/checkout@v4
2026-06-10T17:56:31.1637160Z with:
2026-06-10T17:56:31.1637419Z   repository: Trending-Media-Service/Agency-OS
2026-06-10T17:56:31.1641208Z   token: ***
2026-06-10T17:56:31.1641428Z   ssh-strict: true
2026-06-10T17:56:31.1641632Z   ssh-user: git
2026-06-10T17:56:31.1641839Z   persist-credentials: true
2026-06-10T17:56:31.1642082Z   clean: true
2026-06-10T17:56:31.1642292Z   sparse-checkout-cone-mode: true
2026-06-10T17:56:31.1642542Z   fetch-depth: 1
2026-06-10T17:56:31.1642734Z   fetch-tags: false
2026-06-10T17:56:31.1642938Z   show-progress: true
2026-06-10T17:56:31.1643147Z   lfs: false
2026-06-10T17:56:31.1643331Z   submodules: false
2026-06-10T17:56:31.1643537Z   set-safe-directory: true
2026-06-10T17:56:31.1644061Z env:
2026-06-10T17:56:31.1644550Z   DATABASE_URL: ***localhost:5432/agency_os
2026-06-10T17:56:31.1644825Z ##[endgroup]
2026-06-10T17:56:31.2845760Z Syncing repository: Trending-Media-Service/Agency-OS
2026-06-10T17:56:31.2848445Z ##[group]Getting Git version info
2026-06-10T17:56:31.2849279Z Working directory is '/home/runner/work/Agency-OS/Agency-OS'
2026-06-10T17:56:31.2850664Z [command]/usr/bin/git version
2026-06-10T17:56:31.2970763Z git version 2.54.0
2026-06-10T17:56:31.2986272Z ##[endgroup]
2026-06-10T17:56:31.3003502Z Temporarily overriding HOME='/home/runner/work/_temp/90b97a15-c617-49e8-9e4e-accf23a55781' before making global git config changes
2026-06-10T17:56:31.3005305Z Adding repository directory to the temporary git global config as a safe directory
2026-06-10T17:56:31.3011428Z [command]/usr/bin/git config --global --add safe.directory /home/runner/work/Agency-OS/Agency-OS
2026-06-10T17:56:31.3064126Z Deleting the contents of '/home/runner/work/Agency-OS/Agency-OS'
2026-06-10T17:56:31.3068159Z ##[group]Initializing the repository
2026-06-10T17:56:31.3074626Z [command]/usr/bin/git init /home/runner/work/Agency-OS/Agency-OS
2026-06-10T17:56:31.3193396Z hint: Using 'master' as the name for the initial branch. This default branch name
2026-06-10T17:56:31.3196685Z hint: will change to "main" in Git 3.0. To configure the initial branch name
2026-06-10T17:56:31.3197856Z hint: to use in all of your new repositories, which will suppress this warning,
2026-06-10T17:56:31.3198638Z hint: call:
2026-06-10T17:56:31.3199413Z hint:
2026-06-10T17:56:31.3200177Z hint: 	git config --global init.defaultBranch <name>
2026-06-10T17:56:31.3202367Z hint:
2026-06-10T17:56:31.3202923Z hint: Names commonly chosen instead of 'master' are 'main', 'trunk' and
2026-06-10T17:56:31.3203842Z hint: 'development'. The just-created branch can be renamed via this command:
2026-06-10T17:56:31.3204508Z hint:
2026-06-10T17:56:31.3204755Z hint: 	git branch -m <name>
2026-06-10T17:56:31.3204991Z hint:
2026-06-10T17:56:31.3205335Z hint: Disable this message with "git config set advice.defaultBranchName false"
2026-06-10T17:56:31.3205913Z Initialized empty Git repository in /home/runner/work/Agency-OS/Agency-OS/.git/
2026-06-10T17:56:31.3223952Z [command]/usr/bin/git remote add origin https://github.com/Trending-Media-Service/Agency-OS
2026-06-10T17:56:31.3266315Z ##[endgroup]
2026-06-10T17:56:31.3267609Z ##[group]Disabling automatic garbage collection
2026-06-10T17:56:31.3271565Z [command]/usr/bin/git config --local gc.auto 0
2026-06-10T17:56:31.3305360Z ##[endgroup]
2026-06-10T17:56:31.3306350Z ##[group]Setting up auth
2026-06-10T17:56:31.3315025Z [command]/usr/bin/git config --local --name-only --get-regexp core\.sshCommand
2026-06-10T17:56:31.3353392Z [command]/usr/bin/git submodule foreach --recursive sh -c "git config --local --name-only --get-regexp 'core\.sshCommand' && git config --local --unset-all 'core.sshCommand' || :"
2026-06-10T17:56:31.3772534Z [command]/usr/bin/git config --local --name-only --get-regexp http\.https\:\/\/github\.com\/\.extraheader
2026-06-10T17:56:31.3806836Z [command]/usr/bin/git submodule foreach --recursive sh -c "git config --local --name-only --get-regexp 'http\.https\:\/\/github\.com\/\.extraheader' && git config --local --unset-all 'http.https://github.com/.extraheader' || :"
2026-06-10T17:56:31.4047254Z [command]/usr/bin/git config --local --name-only --get-regexp ^includeIf\.gitdir:
2026-06-10T17:56:31.4081603Z [command]/usr/bin/git submodule foreach --recursive git config --local --show-origin --name-only --get-regexp remote.origin.url
2026-06-10T17:56:31.4321747Z [command]/usr/bin/git config --local http.https://github.com/.extraheader AUTHORIZATION: basic ***
2026-06-10T17:56:31.4357657Z ##[endgroup]
2026-06-10T17:56:31.4358645Z ##[group]Fetching the repository
2026-06-10T17:56:31.4368603Z [command]/usr/bin/git -c protocol.version=2 fetch --no-tags --prune --no-recurse-submodules --depth=1 origin +248a30ef06f730089d7db03f202f7da09186f7ed:refs/remotes/pull/13/merge
2026-06-10T17:56:31.9880923Z From https://github.com/Trending-Media-Service/Agency-OS
2026-06-10T17:56:31.9882167Z  * [new ref]         248a30ef06f730089d7db03f202f7da09186f7ed -> pull/13/merge
2026-06-10T17:56:31.9932596Z ##[endgroup]
2026-06-10T17:56:31.9941779Z ##[group]Determining the checkout info
2026-06-10T17:56:31.9942708Z ##[endgroup]
2026-06-10T17:56:31.9943241Z [command]/usr/bin/git sparse-checkout disable
2026-06-10T17:56:32.0003098Z [command]/usr/bin/git config --local --unset-all extensions.worktreeConfig
2026-06-10T17:56:32.0031684Z ##[group]Checking out the ref
2026-06-10T17:56:32.0036362Z [command]/usr/bin/git checkout --progress --force refs/remotes/pull/13/merge
2026-06-10T17:56:32.0187702Z Note: switching to 'refs/remotes/pull/13/merge'.
2026-06-10T17:56:32.0190746Z 
2026-06-10T17:56:32.0191285Z You are in 'detached HEAD' state. You can look around, make experimental
2026-06-10T17:56:32.0192282Z changes and commit them, and you can discard any commits you make in this
2026-06-10T17:56:32.0193329Z state without impacting any branches by switching back to a branch.
2026-06-10T17:56:32.0204741Z 
2026-06-10T17:56:32.0205290Z If you want to create a new branch to retain commits you create, you may
2026-06-10T17:56:32.0210827Z do so (now or later) by using -c with the switch command. Example:
2026-06-10T17:56:32.0223132Z 
2026-06-10T17:56:32.0230607Z   git switch -c <new-branch-name>
2026-06-10T17:56:32.0231169Z 
2026-06-10T17:56:32.0231427Z Or undo this operation with:
2026-06-10T17:56:32.0231846Z 
2026-06-10T17:56:32.0232012Z   git switch -
2026-06-10T17:56:32.0232235Z 
2026-06-10T17:56:32.0232842Z Turn off this advice by setting config variable advice.detachedHead to false
2026-06-10T17:56:32.0233407Z 
2026-06-10T17:56:32.0234052Z HEAD is now at 248a30e Merge 56e6a47996bbeb2841d8b476ebd72d50b6bcca68 into 93bb9bf7970cee0a50bf56f0985bcee7f05e07a0
2026-06-10T17:56:32.0235905Z ##[endgroup]
2026-06-10T17:56:32.0248787Z [command]/usr/bin/git log -1 --format=%H
2026-06-10T17:56:32.0272869Z 248a30ef06f730089d7db03f202f7da09186f7ed
2026-06-10T17:56:32.0507921Z ##[group]Run actions/setup-python@v5
2026-06-10T17:56:32.0508217Z with:
2026-06-10T17:56:32.0508411Z   python-version: 3.12
2026-06-10T17:56:32.0508634Z   check-latest: false
2026-06-10T17:56:32.0511986Z   token: ***
2026-06-10T17:56:32.0512206Z   update-environment: true
2026-06-10T17:56:32.0512455Z   allow-prereleases: false
2026-06-10T17:56:32.0512688Z   freethreaded: false
2026-06-10T17:56:32.0512891Z env:
2026-06-10T17:56:32.0513352Z   DATABASE_URL: ***localhost:5432/agency_os
2026-06-10T17:56:32.0513631Z ##[endgroup]
2026-06-10T17:56:32.2661171Z ##[group]Installed versions
2026-06-10T17:56:32.2775714Z Successfully set up CPython (3.12.13)
2026-06-10T17:56:32.2776760Z ##[endgroup]
2026-06-10T17:56:32.2889380Z ##[group]Run pip install -r control-plane/requirements.txt
2026-06-10T17:56:32.2890102Z [36;1mpip install -r control-plane/requirements.txt[0m
2026-06-10T17:56:32.2934160Z shell: /usr/bin/bash -e {0}
2026-06-10T17:56:32.2934408Z env:
2026-06-10T17:56:32.2934964Z   DATABASE_URL: ***localhost:5432/agency_os
2026-06-10T17:56:32.2935324Z   pythonLocation: /opt/hostedtoolcache/Python/3.12.13/x64
2026-06-10T17:56:32.2935761Z   PKG_CONFIG_PATH: /opt/hostedtoolcache/Python/3.12.13/x64/lib/pkgconfig
2026-06-10T17:56:32.2936197Z   Python_ROOT_DIR: /opt/hostedtoolcache/Python/3.12.13/x64
2026-06-10T17:56:32.2936575Z   Python2_ROOT_DIR: /opt/hostedtoolcache/Python/3.12.13/x64
2026-06-10T17:56:32.2936952Z   Python3_ROOT_DIR: /opt/hostedtoolcache/Python/3.12.13/x64
2026-06-10T17:56:32.2937331Z   LD_LIBRARY_PATH: /opt/hostedtoolcache/Python/3.12.13/x64/lib
2026-06-10T17:56:32.2937680Z ##[endgroup]
2026-06-10T17:56:33.8084496Z Collecting fastapi>=0.110.0 (from -r control-plane/requirements.txt (line 1))
2026-06-10T17:56:33.8747490Z   Downloading fastapi-0.136.3-py3-none-any.whl.metadata (27 kB)
2026-06-10T17:56:33.9181093Z Collecting uvicorn>=0.28.0 (from -r control-plane/requirements.txt (line 2))
2026-06-10T17:56:33.9267310Z   Downloading uvicorn-0.49.0-py3-none-any.whl.metadata (6.7 kB)
2026-06-10T17:56:34.2217516Z Collecting sqlalchemy>=2.0.28 (from -r control-plane/requirements.txt (line 3))
2026-06-10T17:56:34.2297647Z   Downloading sqlalchemy-2.0.50-cp312-cp312-manylinux2014_x86_64.manylinux_2_17_x86_64.manylinux_2_28_x86_64.whl.metadata (9.5 kB)
2026-06-10T17:56:34.2817779Z Collecting asyncpg>=0.29.0 (from -r control-plane/requirements.txt (line 4))
2026-06-10T17:56:34.2887615Z   Downloading asyncpg-0.31.0-cp312-cp312-manylinux_2_28_x86_64.whl.metadata (4.4 kB)
2026-06-10T17:56:34.3990833Z Collecting pydantic>=2.6.4 (from -r control-plane/requirements.txt (line 5))
2026-06-10T17:56:34.4065527Z   Downloading pydantic-2.13.4-py3-none-any.whl.metadata (109 kB)
2026-06-10T17:56:34.4497221Z Collecting pytest>=8.1.1 (from -r control-plane/requirements.txt (line 6))
2026-06-10T17:56:34.4571153Z   Downloading pytest-9.0.3-py3-none-any.whl.metadata (7.6 kB)
2026-06-10T17:56:34.4796651Z Collecting pytest-asyncio>=0.23.5 (from -r control-plane/requirements.txt (line 7))
2026-06-10T17:56:34.4867321Z   Downloading pytest_asyncio-1.4.0-py3-none-any.whl.metadata (4.1 kB)
2026-06-10T17:56:34.5068886Z Collecting httpx>=0.27.0 (from -r control-plane/requirements.txt (line 8))
2026-06-10T17:56:34.5139581Z   Downloading httpx-0.28.1-py3-none-any.whl.metadata (7.1 kB)
2026-06-10T17:56:34.5307044Z Collecting aiosqlite>=0.20.0 (from -r control-plane/requirements.txt (line 9))
2026-06-10T17:56:34.5388441Z   Downloading aiosqlite-0.22.1-py3-none-any.whl.metadata (4.3 kB)
2026-06-10T17:56:34.5661756Z Collecting starlette>=0.46.0 (from fastapi>=0.110.0->-r control-plane/requirements.txt (line 1))
2026-06-10T17:56:34.5730942Z   Downloading starlette-1.2.1-py3-none-any.whl.metadata (6.3 kB)
2026-06-10T17:56:34.5952496Z Collecting typing-extensions>=4.8.0 (from fastapi>=0.110.0->-r control-plane/requirements.txt (line 1))
2026-06-10T17:56:34.6027051Z   Downloading typing_extensions-4.15.0-py3-none-any.whl.metadata (3.3 kB)
2026-06-10T17:56:34.6170366Z Collecting typing-inspection>=0.4.2 (from fastapi>=0.110.0->-r control-plane/requirements.txt (line 1))
2026-06-10T17:56:34.6241029Z   Downloading typing_inspection-0.4.2-py3-none-any.whl.metadata (2.6 kB)
2026-06-10T17:56:34.6387380Z Collecting annotated-doc>=0.0.2 (from fastapi>=0.110.0->-r control-plane/requirements.txt (line 1))
2026-06-10T17:56:34.6458627Z   Downloading annotated_doc-0.0.4-py3-none-any.whl.metadata (6.6 kB)
2026-06-10T17:56:34.6660543Z Collecting click>=7.0 (from uvicorn>=0.28.0->-r control-plane/requirements.txt (line 2))
2026-06-10T17:56:34.6730353Z   Downloading click-8.4.1-py3-none-any.whl.metadata (2.6 kB)
2026-06-10T17:56:34.6913733Z Collecting h11>=0.8 (from uvicorn>=0.28.0->-r control-plane/requirements.txt (line 2))
2026-06-10T17:56:34.6983388Z   Downloading h11-0.16.0-py3-none-any.whl.metadata (8.3 kB)
2026-06-10T17:56:34.8305685Z Collecting greenlet>=1 (from sqlalchemy>=2.0.28->-r control-plane/requirements.txt (line 3))
2026-06-10T17:56:34.8378238Z   Downloading greenlet-3.5.1-cp312-cp312-manylinux_2_24_x86_64.manylinux_2_28_x86_64.whl.metadata (3.8 kB)
2026-06-10T17:56:34.8554265Z Collecting annotated-types>=0.6.0 (from pydantic>=2.6.4->-r control-plane/requirements.txt (line 5))
2026-06-10T17:56:34.8624437Z   Downloading annotated_types-0.7.0-py3-none-any.whl.metadata (15 kB)
2026-06-10T17:56:35.5290831Z Collecting pydantic-core==2.46.4 (from pydantic>=2.6.4->-r control-plane/requirements.txt (line 5))
2026-06-10T17:56:35.5367032Z   Downloading pydantic_core-2.46.4-cp312-cp312-manylinux_2_17_x86_64.manylinux2014_x86_64.whl.metadata (6.6 kB)
2026-06-10T17:56:35.5529460Z Collecting iniconfig>=1.0.1 (from pytest>=8.1.1->-r control-plane/requirements.txt (line 6))
2026-06-10T17:56:35.5605324Z   Downloading iniconfig-2.3.0-py3-none-any.whl.metadata (2.5 kB)
2026-06-10T17:56:35.5788439Z Collecting packaging>=22 (from pytest>=8.1.1->-r control-plane/requirements.txt (line 6))
2026-06-10T17:56:35.5857719Z   Downloading packaging-26.2-py3-none-any.whl.metadata (3.5 kB)
2026-06-10T17:56:35.6013736Z Collecting pluggy<2,>=1.5 (from pytest>=8.1.1->-r control-plane/requirements.txt (line 6))
2026-06-10T17:56:35.6088954Z   Downloading pluggy-1.6.0-py3-none-any.whl.metadata (4.8 kB)
2026-06-10T17:56:35.6298638Z Collecting pygments>=2.7.2 (from pytest>=8.1.1->-r control-plane/requirements.txt (line 6))
2026-06-10T17:56:35.6382356Z   Downloading pygments-2.20.0-py3-none-any.whl.metadata (2.5 kB)
2026-06-10T17:56:35.6629118Z Collecting anyio (from httpx>=0.27.0->-r control-plane/requirements.txt (line 8))
2026-06-10T17:56:35.6698375Z   Downloading anyio-4.13.0-py3-none-any.whl.metadata (4.5 kB)
2026-06-10T17:56:35.6915552Z Collecting certifi (from httpx>=0.27.0->-r control-plane/requirements.txt (line 8))
2026-06-10T17:56:35.6987465Z   Downloading certifi-2026.5.20-py3-none-any.whl.metadata (2.5 kB)
2026-06-10T17:56:35.7177549Z Collecting httpcore==1.* (from httpx>=0.27.0->-r control-plane/requirements.txt (line 8))
2026-06-10T17:56:35.7289667Z   Downloading httpcore-1.0.9-py3-none-any.whl.metadata (21 kB)
2026-06-10T17:56:35.7477780Z Collecting idna (from httpx>=0.27.0->-r control-plane/requirements.txt (line 8))
2026-06-10T17:56:35.7550663Z   Downloading idna-3.18-py3-none-any.whl.metadata (6.1 kB)
2026-06-10T17:56:35.7783365Z Downloading fastapi-0.136.3-py3-none-any.whl (117 kB)
2026-06-10T17:56:35.7956547Z Downloading uvicorn-0.49.0-py3-none-any.whl (71 kB)
2026-06-10T17:56:35.8098728Z Downloading sqlalchemy-2.0.50-cp312-cp312-manylinux2014_x86_64.manylinux_2_17_x86_64.manylinux_2_28_x86_64.whl (3.4 MB)
2026-06-10T17:56:35.9526284Z    ━━━━━━━━━━━━━━━━━━━━━━━━━━━━━━━━━━━━━━━━ 3.4/3.4 MB 25.4 MB/s  0:00:00
2026-06-10T17:56:35.9600244Z Downloading asyncpg-0.31.0-cp312-cp312-manylinux_2_28_x86_64.whl (3.5 MB)
2026-06-10T17:56:36.0283529Z    ━━━━━━━━━━━━━━━━━━━━━━━━━━━━━━━━━━━━━━━━ 3.5/3.5 MB 53.9 MB/s  0:00:00
2026-06-10T17:56:36.0358013Z Downloading pydantic-2.13.4-py3-none-any.whl (472 kB)
2026-06-10T17:56:36.0508781Z Downloading pydantic_core-2.46.4-cp312-cp312-manylinux_2_17_x86_64.manylinux2014_x86_64.whl (2.1 MB)
2026-06-10T17:56:36.0783801Z    ━━━━━━━━━━━━━━━━━━━━━━━━━━━━━━━━━━━━━━━━ 2.1/2.1 MB 75.6 MB/s  0:00:00
2026-06-10T17:56:36.0856954Z Downloading pytest-9.0.3-py3-none-any.whl (375 kB)
2026-06-10T17:56:36.0971227Z Downloading pluggy-1.6.0-py3-none-any.whl (20 kB)
2026-06-10T17:56:36.1064386Z Downloading pytest_asyncio-1.4.0-py3-none-any.whl (16 kB)
2026-06-10T17:56:36.1157061Z Downloading httpx-0.28.1-py3-none-any.whl (73 kB)
2026-06-10T17:56:36.1252573Z Downloading httpcore-1.0.9-py3-none-any.whl (78 kB)
2026-06-10T17:56:36.1347097Z Downloading aiosqlite-0.22.1-py3-none-any.whl (17 kB)
2026-06-10T17:56:36.1436991Z Downloading annotated_doc-0.0.4-py3-none-any.whl (5.3 kB)
2026-06-10T17:56:36.1530521Z Downloading annotated_types-0.7.0-py3-none-any.whl (13 kB)
2026-06-10T17:56:36.1633222Z Downloading click-8.4.1-py3-none-any.whl (116 kB)
2026-06-10T17:56:36.1738199Z Downloading greenlet-3.5.1-cp312-cp312-manylinux_2_24_x86_64.manylinux_2_28_x86_64.whl (611 kB)
2026-06-10T17:56:36.1837000Z    ━━━━━━━━━━━━━━━━━━━━━━━━━━━━━━━━━━━━━━━━ 611.4/611.4 kB 49.4 MB/s  0:00:00
2026-06-10T17:56:36.1908813Z Downloading h11-0.16.0-py3-none-any.whl (37 kB)
2026-06-10T17:56:36.2000504Z Downloading iniconfig-2.3.0-py3-none-any.whl (7.5 kB)
2026-06-10T17:56:36.2089919Z Downloading packaging-26.2-py3-none-any.whl (100 kB)
2026-06-10T17:56:36.2182031Z Downloading pygments-2.20.0-py3-none-any.whl (1.2 MB)
2026-06-10T17:56:36.2340929Z    ━━━━━━━━━━━━━━━━━━━━━━━━━━━━━━━━━━━━━━━━ 1.2/1.2 MB 76.3 MB/s  0:00:00
2026-06-10T17:56:36.2410684Z Downloading starlette-1.2.1-py3-none-any.whl (73 kB)
2026-06-10T17:56:36.2502070Z Downloading anyio-4.13.0-py3-none-any.whl (114 kB)
2026-06-10T17:56:36.2593736Z Downloading idna-3.18-py3-none-any.whl (65 kB)
2026-06-10T17:56:36.2687838Z Downloading typing_extensions-4.15.0-py3-none-any.whl (44 kB)
2026-06-10T17:56:36.2780388Z Downloading typing_inspection-0.4.2-py3-none-any.whl (14 kB)
2026-06-10T17:56:36.2873286Z Downloading certifi-2026.5.20-py3-none-any.whl (134 kB)
2026-06-10T17:56:36.3786395Z Installing collected packages: typing-extensions, pygments, pluggy, packaging, iniconfig, idna, h11, greenlet, click, certifi, asyncpg, annotated-types, annotated-doc, aiosqlite, uvicorn, typing-inspection, sqlalchemy, pytest, pydantic-core, httpcore, anyio, starlette, pytest-asyncio, pydantic, httpx, fastapi
2026-06-10T17:56:39.8306375Z 
2026-06-10T17:56:39.8336133Z Successfully installed aiosqlite-0.22.1 annotated-doc-0.0.4 annotated-types-0.7.0 anyio-4.13.0 asyncpg-0.31.0 certifi-2026.5.20 click-8.4.1 fastapi-0.136.3 greenlet-3.5.1 h11-0.16.0 httpcore-1.0.9 httpx-0.28.1 idna-3.18 iniconfig-2.3.0 packaging-26.2 pluggy-1.6.0 pydantic-2.13.4 pydantic-core-2.46.4 pygments-2.20.0 pytest-9.0.3 pytest-asyncio-1.4.0 sqlalchemy-2.0.50 starlette-1.2.1 typing-extensions-4.15.0 typing-inspection-0.4.2 uvicorn-0.49.0
2026-06-10T17:56:39.8346354Z 
2026-06-10T17:56:39.8346964Z [notice] A new release of pip is available: 26.1.1 -> 26.1.2
2026-06-10T17:56:39.8347958Z [notice] To update, run: pip install --upgrade pip
2026-06-10T17:56:39.9291974Z ##[group]Run cd control-plane && python -m pytest -q
2026-06-10T17:56:39.9292426Z [36;1mcd control-plane && python -m pytest -q[0m
2026-06-10T17:56:39.9318912Z shell: /usr/bin/bash -e {0}
2026-06-10T17:56:39.9319164Z env:
2026-06-10T17:56:39.9319995Z   DATABASE_URL: ***localhost:5432/agency_os
2026-06-10T17:56:39.9320377Z   pythonLocation: /opt/hostedtoolcache/Python/3.12.13/x64
2026-06-10T17:56:39.9320810Z   PKG_CONFIG_PATH: /opt/hostedtoolcache/Python/3.12.13/x64/lib/pkgconfig
2026-06-10T17:56:39.9321237Z   Python_ROOT_DIR: /opt/hostedtoolcache/Python/3.12.13/x64
2026-06-10T17:56:39.9321626Z   Python2_ROOT_DIR: /opt/hostedtoolcache/Python/3.12.13/x64
2026-06-10T17:56:39.9322196Z   Python3_ROOT_DIR: /opt/hostedtoolcache/Python/3.12.13/x64
2026-06-10T17:56:39.9322582Z   LD_LIBRARY_PATH: /opt/hostedtoolcache/Python/3.12.13/x64/lib
2026-06-10T17:56:39.9322919Z ##[endgroup]
2026-06-10T17:56:42.0921814Z .........F....                                                           [100%]
2026-06-10T17:56:42.0922904Z =================================== FAILURES ===================================
2026-06-10T17:56:42.0923946Z ____________________________ test_e2e_governed_loop ____________________________
2026-06-10T17:56:42.0924525Z 
2026-06-10T17:56:42.0924853Z client = <httpx.AsyncClient object at 0x7ff9ca1f44d0>
2026-06-10T17:56:42.0925348Z 
2026-06-10T17:56:42.0925618Z     async def test_e2e_governed_loop(client):
2026-06-10T17:56:42.0926807Z         r = await client.post("/tenants", json={"name": "Tanmatra", "brand_name": "Wok-Tok"})
2026-06-10T17:56:42.0927951Z         tid, bid = r.json()["tenant_id"], r.json()["brand_id"]
2026-06-10T17:56:42.0928743Z         H = {"X-Tenant-ID": tid}
2026-06-10T17:56:42.0929345Z     
2026-06-10T17:56:42.0929783Z         r = await client.post("/intents", headers=H,
2026-06-10T17:56:42.0930851Z                         json={"brand_id": bid, "text": "host woktok.in please", "tier": 1})
2026-06-10T17:56:42.0967196Z         card = r.json()["cards"][0]
2026-06-10T17:56:42.0968624Z         assert card["state"] == "AWAITING_APPROVAL"
2026-06-10T17:56:42.0990745Z         assert "cloud_dns zone woktok.in" in card["preview"]
2026-06-10T17:56:42.1010528Z         assert card["cost_estimate"] == "2500.00 INR/mo"
2026-06-10T17:56:42.1011173Z     
2026-06-10T17:56:42.1012820Z         r = await client.post(f"/ops/{card['op_id']}/decision", headers=H,
2026-06-10T17:56:42.1025308Z                         json={"decision": "approve", "actor": "chandan", "surface": "whatsapp"})
2026-06-10T17:56:42.1026515Z >       assert r.json()["state"] == "DONE"
2026-06-10T17:56:42.1027213Z                ^^^^^^^^^^^^^^^^^
2026-06-10T17:56:42.1027812Z E       KeyError: 'state'
2026-06-10T17:56:42.1028217Z 
2026-06-10T17:56:42.1028541Z tests/test_kernel.py:177: KeyError
2026-06-10T17:56:42.1029238Z =========================== short test summary info ============================
2026-06-10T17:56:42.1030505Z FAILED tests/test_kernel.py::test_e2e_governed_loop - KeyError: 'state'
2026-06-10T17:56:42.1031373Z 1 failed, 13 passed in 1.35s
2026-06-10T17:56:42.2073586Z ##[error]Process completed with exit code 1.
2026-06-10T17:56:42.2171397Z Post job cleanup.
2026-06-10T17:56:42.3188001Z [command]/usr/bin/git version
2026-06-10T17:56:42.3230785Z git version 2.54.0
2026-06-10T17:56:42.3289434Z Temporarily overriding HOME='/home/runner/work/_temp/188b09fe-0646-4785-9961-954c9a971370' before making global git config changes
2026-06-10T17:56:42.3291428Z Adding repository directory to the temporary git global config as a safe directory
2026-06-10T17:56:42.3296262Z [command]/usr/bin/git config --global --add safe.directory /home/runner/work/Agency-OS/Agency-OS
2026-06-10T17:56:42.3335832Z [command]/usr/bin/git config --local --name-only --get-regexp core\.sshCommand
2026-06-10T17:56:42.3372792Z [command]/usr/bin/git submodule foreach --recursive sh -c "git config --local --name-only --get-regexp 'core\.sshCommand' && git config --local --unset-all 'core.sshCommand' || :"
2026-06-10T17:56:42.3624384Z [command]/usr/bin/git config --local --name-only --get-regexp http\.https\:\/\/github\.com\/\.extraheader
2026-06-10T17:56:42.3652016Z http.https://github.com/.extraheader
2026-06-10T17:56:42.3671344Z [command]/usr/bin/git config --local --unset-all http.https://github.com/.extraheader
2026-06-10T17:56:42.3702429Z [command]/usr/bin/git submodule foreach --recursive sh -c "git config --local --name-only --get-regexp 'http\.https\:\/\/github\.com\/\.extraheader' && git config --local --unset-all 'http.https://github.com/.extraheader' || :"
2026-06-10T17:56:42.3961983Z [command]/usr/bin/git config --local --name-only --get-regexp ^includeIf\.gitdir:
2026-06-10T17:56:42.3998217Z [command]/usr/bin/git submodule foreach --recursive git config --local --show-origin --name-only --get-regexp remote.origin.url
2026-06-10T17:56:42.4327872Z Print service container logs: 4574b053f4d041eb8f760c1d6a663110_postgres16_571a35
2026-06-10T17:56:42.4333353Z ##[command]/usr/bin/docker logs --details de1a930d89bd98d985850e7bca60a7992b2750051b1795ae9117399a492542e6
2026-06-10T17:56:42.4473713Z  The files belonging to this database system will be owned by user "postgres".
2026-06-10T17:56:42.4477198Z  initdb: warning: enabling "trust" authentication for local connections
2026-06-10T17:56:42.4477966Z  This user must also own the server process.
2026-06-10T17:56:42.4479104Z  initdb: hint: You can change this by editing pg_hba.conf or using the option -A, or --auth-local and --auth-host, the next time you run initdb.
2026-06-10T17:56:42.4480984Z  2026-06-10 17:56:25.818 UTC [1] LOG:  starting PostgreSQL 16.14 (Debian 16.14-1.pgdg13+1) on x86_64-pc-linux-gnu, compiled by gcc (Debian 14.2.0-19) 14.2.0, 64-bit
2026-06-10T17:56:42.4482379Z  2026-06-10 17:56:25.819 UTC [1] LOG:  listening on IPv4 address "0.0.0.0", port 5432
2026-06-10T17:56:42.4483477Z  2026-06-10 17:56:25.819 UTC [1] LOG:  listening on IPv6 address "::", port 5432
2026-06-10T17:56:42.4484195Z  2026-06-10 17:56:25.820 UTC [1] LOG:  listening on Unix socket "/var/run/postgresql/.s.PGSQL.5432"
2026-06-10T17:56:42.4484846Z  2026-06-10 17:56:25.822 UTC [63] LOG:  database system was shut down at 2026-06-10 17:56:25 UTC
2026-06-10T17:56:42.4485446Z  2026-06-10 17:56:25.826 UTC [1] LOG:  database system is ready to accept connections
2026-06-10T17:56:42.4486103Z  2026-06-10 17:56:41.924 UTC [96] ERROR:  new row violates row-level security policy for table "brands"
2026-06-10T17:56:42.4486836Z  2026-06-10 17:56:41.924 UTC [96] STATEMENT:  INSERT INTO brands (id, tenant_id, name, created_at) VALUES ('evil','tenant-b','X',now())
2026-06-10T17:56:42.4488948Z  
2026-06-10T17:56:42.4489696Z  The database cluster will be initialized with locale "en_US.utf8".
2026-06-10T17:56:42.4490901Z  The default database encoding has accordingly been set to "UTF8".
2026-06-10T17:56:42.4491823Z  The default text search configuration will be set to "english".
2026-06-10T17:56:42.4492549Z  
2026-06-10T17:56:42.4493011Z  Data page checksums are disabled.
2026-06-10T17:56:42.4493582Z  
2026-06-10T17:56:42.4494219Z  fixing permissions on existing directory /var/lib/postgresql/data ... ok
2026-06-10T17:56:42.4495051Z  creating subdirectories ... ok
2026-06-10T17:56:42.4495727Z  selecting dynamic shared memory implementation ... posix
2026-06-10T17:56:42.4496480Z  selecting default max_connections ... 100
2026-06-10T17:56:42.4497131Z  selecting default shared_buffers ... 128MB
2026-06-10T17:56:42.4497850Z  selecting default time zone ... Etc/UTC
2026-06-10T17:56:42.4498493Z  creating configuration files ... ok
2026-06-10T17:56:42.4499114Z  running bootstrap script ... ok
2026-06-10T17:56:42.4499755Z  performing post-bootstrap initialization ... ok
2026-06-10T17:56:42.4500859Z  syncing data to disk ... ok
2026-06-10T17:56:42.4501410Z  
2026-06-10T17:56:42.4502078Z  
2026-06-10T17:56:42.4502696Z  Success. You can now start the database server using:
2026-06-10T17:56:42.4503718Z  
2026-06-10T17:56:42.4504118Z      pg_ctl -D /var/lib/postgresql/data -l logfile start
2026-06-10T17:56:42.4504610Z  
2026-06-10T17:56:42.4505745Z  waiting for server to start....2026-06-10 17:56:25.511 UTC [47] LOG:  starting PostgreSQL 16.14 (Debian 16.14-1.pgdg13+1) on x86_64-pc-linux-gnu, compiled by gcc (Debian 14.2.0-19) 14.2.0, 64-bit
2026-06-10T17:56:42.4507328Z  2026-06-10 17:56:25.511 UTC [47] LOG:  listening on Unix socket "/var/run/postgresql/.s.PGSQL.5432"
2026-06-10T17:56:42.4508327Z  2026-06-10 17:56:25.514 UTC [50] LOG:  database system was shut down at 2026-06-10 17:56:25 UTC
2026-06-10T17:56:42.4509228Z  2026-06-10 17:56:25.518 UTC [47] LOG:  database system is ready to accept connections
2026-06-10T17:56:42.4510115Z   done
2026-06-10T17:56:42.4510445Z  server started
2026-06-10T17:56:42.4510870Z  CREATE DATABASE
2026-06-10T17:56:42.4511061Z  
2026-06-10T17:56:42.4511226Z  
2026-06-10T17:56:42.4511811Z  /usr/local/bin/docker-entrypoint.sh: ignoring /docker-entrypoint-initdb.d/*
2026-06-10T17:56:42.4512212Z  
2026-06-10T17:56:42.4512461Z  2026-06-10 17:56:25.699 UTC [47] LOG:  received fast shutdown request
2026-06-10T17:56:42.4512992Z  waiting for server to shut down....2026-06-10 17:56:25.700 UTC [47] LOG:  aborting any active transactions
2026-06-10T17:56:42.4513677Z  2026-06-10 17:56:25.703 UTC [47] LOG:  background worker "logical replication launcher" (PID 53) exited with exit code 1
2026-06-10T17:56:42.4514209Z  2026-06-10 17:56:25.703 UTC [48] LOG:  shutting down
2026-06-10T17:56:42.4514628Z  2026-06-10 17:56:25.704 UTC [48] LOG:  checkpoint starting: shutdown immediate
2026-06-10T17:56:42.4515747Z  2026-06-10 17:56:25.721 UTC [48] LOG:  checkpoint complete: wrote 926 buffers (5.7%); 0 WAL file(s) added, 0 removed, 0 recycled; write=0.013 s, sync=0.004 s, total=0.018 s; sync files=301, longest=0.001 s, average=0.001 s; distance=4273 kB, estimate=4273 kB; lsn=0/191F0F0, redo lsn=0/191F0F0
2026-06-10T17:56:42.4516826Z  2026-06-10 17:56:25.727 UTC [47] LOG:  database system is shut down
2026-06-10T17:56:42.4517164Z   done
2026-06-10T17:56:42.4517358Z  server stopped
2026-06-10T17:56:42.4517549Z  
2026-06-10T17:56:42.4517810Z  PostgreSQL init process complete; ready for start up.
2026-06-10T17:56:42.4518118Z  
2026-06-10T17:56:42.4524697Z Stop and remove container: 4574b053f4d041eb8f760c1d6a663110_postgres16_571a35
2026-06-10T17:56:42.4529266Z ##[command]/usr/bin/docker rm --force de1a930d89bd98d985850e7bca60a7992b2750051b1795ae9117399a492542e6
2026-06-10T17:56:42.6981463Z de1a930d89bd98d985850e7bca60a7992b2750051b1795ae9117399a492542e6
2026-06-10T17:56:42.7012856Z Remove container network: github_network_eb0cc21b3d60477fa5afa6ce629a9237
2026-06-10T17:56:42.7017303Z ##[command]/usr/bin/docker network rm github_network_eb0cc21b3d60477fa5afa6ce629a9237
2026-06-10T17:56:42.7805310Z github_network_eb0cc21b3d60477fa5afa6ce629a9237
2026-06-10T17:56:42.7876936Z Cleaning up orphan processes
2026-06-10T17:56:42.8173901Z ##[warning]Node.js 20 actions are deprecated. The following actions are running on Node.js 20 and may not work as expected: actions/checkout@v4, actions/setup-python@v5. Actions will be forced to run with Node.js 24 by default starting June 16th, 2026. Node.js 20 will be removed from the runner on September 16th, 2026. Please check if updated versions of these actions are available that support Node.js 24. To opt into Node.js 24 now, set the FORCE_JAVASCRIPT_ACTIONS_TO_NODE24=true environment variable on the runner or in your workflow file. Once Node.js 24 becomes the default, you can temporarily opt out by setting ACTIONS_ALLOW_USE_UNSECURE_NODE_VERSION=true. For more information see: https://github.blog/changelog/2025-09-19-deprecation-of-node-20-on-github-actions-runners/
